
> app@0.1.0 dev
> next dev

▲ Next.js 16.1.6 (Turbopack)
- Local:         http://localhost:3000
- Network:       http://192.168.0.2:3000

✓ Starting...
✓ Ready in 3.9s
 GET / 200 in 2.7s (compile: 2.0s, render: 643ms)
 GET / 200 in 283ms (compile: 86ms, render: 197ms)
 GET / 200 in 2.4s (compile: 1241ms, render: 1151ms)
 GET / 200 in 789ms (compile: 428ms, render: 360ms)
 GET / 200 in 288ms (compile: 74ms, render: 214ms)
 GET / 200 in 256ms (compile: 77ms, render: 179ms)
 GET / 200 in 236ms (compile: 68ms, render: 168ms)
 GET / 200 in 273ms (compile: 78ms, render: 195ms)
 GET / 200 in 273ms (compile: 73ms, render: 200ms)
 GET / 200 in 250ms (compile: 70ms, render: 180ms)
 GET / 200 in 284ms (compile: 88ms, render: 195ms)
 GET / 200 in 344ms (compile: 122ms, render: 222ms)
 GET / 200 in 250ms (compile: 71ms, render: 179ms)
 GET / 200 in 257ms (compile: 71ms, render: 186ms)
 GET / 200 in 245ms (compile: 74ms, render: 171ms)
 GET / 200 in 254ms (compile: 74ms, render: 180ms)
 GET / 200 in 248ms (compile: 73ms, render: 175ms)
 GET / 200 in 260ms (compile: 77ms, render: 183ms)
 GET / 200 in 255ms (compile: 71ms, render: 184ms)
 GET / 200 in 259ms (compile: 69ms, render: 190ms)
 GET / 200 in 257ms (compile: 70ms, render: 187ms)
 GET / 200 in 250ms (compile: 72ms, render: 178ms)
 GET / 200 in 246ms (compile: 74ms, render: 172ms)
 GET / 200 in 295ms (compile: 79ms, render: 216ms)
 GET / 200 in 3.0s (compile: 827ms, render: 2.2s)
 GET / 200 in 288ms (compile: 81ms, render: 208ms)
 GET / 200 in 262ms (compile: 77ms, render: 185ms)
 GET / 200 in 1930ms (compile: 952ms, render: 977ms)
✓ Compiled in 3.5s
 GET / 200 in 4.0s (compile: 2.5s, render: 1453ms)
 GET / 200 in 135ms (compile: 7ms, render: 128ms)
